\BOOKMARK [1][-]{section*.1}{\376\377\000L\036\334\000I\000\040\000C\036\242\000M\000\040\001\240\000N}{}% 1
\BOOKMARK [1][-]{section*.2}{\376\377\000D\000A\000N\000H\000\040\000M\036\344\000C\000\040\000T\036\352\000\040\000V\000I\036\276\000T\000\040\000T\036\256\000T}{}% 2
\BOOKMARK [1][-]{table.1}{\376\377\000D\000A\000N\000H\000\040\000M\036\344\000C\000\040\000B\036\242\000N\000G\000\040\000B\000I\036\302\000U}{}% 3
\BOOKMARK [1][-]{section*.3}{\376\377\000D\000A\000N\000H\000\040\000M\036\344\000C\000\040\000H\000\314\000N\000H\000\040\000\301\000N\000H\000,\000\040\000S\001\240\000\040\001\020\036\322}{}% 4
\BOOKMARK [1][-]{section.1}{\376\377\000P\000H\036\246\000N\000\040\0001\000:\000\040\000G\000I\036\332\000I\000\040\000T\000H\000I\036\306\000U}{}% 5
\BOOKMARK [2][-]{subsection.1.1}{\376\377\000P\000h\000\341\000t\000\040\000b\000i\036\303\000u\000\040\000b\000\340\000i\000\040\000t\000o\000\341\000n\000\040\000v\000\340\000\040\000c\000\364\000n\000g\000\040\000v\000i\036\307\000c\000\040\001\021\001\260\036\343\000c\000\040\000g\000i\000a\000o}{section.1}% 6
\BOOKMARK [2][-]{subsection.1.2}{\376\377\000K\000h\036\243\000o\000\040\000s\000\341\000t\000\040\000c\000\364\000n\000g\000\040\000n\000g\000h\036\307\000,\000\040\000c\000\364\000n\000g\000\040\000c\036\345\000\040\000v\000\340\000\040\000l\000\375\000\040\000d\000o\000\040\000l\036\361\000a\000\040\000c\000h\036\315\000n}{section.1}% 7
\BOOKMARK [3][-]{subsubsection.1.2.1}{\376\377\000T\000r\000u\000y\036\301\000n\000\040\000t\000h\000\364\000n\000g\000\040\000t\000h\036\335\000i\000\040\000g\000i\000a\000n\000\040\000t\000h\036\361\000c\000:\000\040\000H\000T\000T\000P\000\040\000P\000o\000l\000l\000i\000n\000g\000\040\000v\000s\000\040\000W\000e\000b\000S\000o\000c\000k\000e\000t}{subsection.1.2}% 8
\BOOKMARK [3][-]{subsubsection.1.2.2}{\376\377\000X\000\341\000c\000\040\000t\000h\036\361\000c\000\040\000v\000\340\000\040\000B\036\243\000o\000\040\000m\036\255\000t\000:\000\040\000S\000e\000s\000s\000i\000o\000n\000-\000C\000o\000o\000k\000i\000e\000\040\000v\000s\000\040\000J\000W\000T\000\040\000+\000\040\000B\000c\000r\000y\000p\000t}{subsection.1.2}% 9
\BOOKMARK [3][-]{subsubsection.1.2.3}{\376\377\000B\000a\000c\000k\000e\000n\000d\000\040\000\046\000\040\000C\001\241\000\040\000s\036\337\000\040\000d\036\357\000\040\000l\000i\036\307\000u\000:\000\040\000N\000o\000d\000e\000.\000j\000s\000,\000\040\000P\000o\000s\000t\000g\000r\000e\000S\000Q\000L\000\040\000v\000\340\000\040\000R\000e\000d\000i\000s}{subsection.1.2}% 10
\BOOKMARK [1][-]{section.2}{\376\377\000P\000H\036\246\000N\000\040\0002\000:\000\040\000C\000\324\000N\000G\000\040\000V\000I\036\306\000C\000\040\000T\000R\000I\036\302\000N\000\040\000K\000H\000A\000I}{}% 11
\BOOKMARK [2][-]{subsection.2.1}{\376\377\000P\000h\000\342\000n\000\040\000t\000\355\000c\000h\000\040\000y\000\352\000u\000\040\000c\036\247\000u\000\040\000v\000\340\000\040\000T\000h\000i\036\277\000t\000\040\000k\036\277\000\040\000k\000i\036\277\000n\000\040\000t\000r\000\372\000c\000\040\000h\036\307\000\040\000t\000h\036\321\000n\000g}{section.2}% 12
\BOOKMARK [3][-]{subsubsection.2.1.1}{\376\377\000T\000h\000i\036\277\000t\000\040\000k\036\277\000\040\000C\001\241\000\040\000s\036\337\000\040\000d\036\357\000\040\000l\000i\036\307\000u\000\040\000P\000o\000s\000t\000g\000r\000e\000S\000Q\000L}{subsection.2.1}% 13
\BOOKMARK [3][-]{subsubsection.2.1.2}{\376\377\000S\001\241\000\040\001\021\036\323\000\040\000l\000u\036\323\000n\000g\000\040\000d\036\357\000\040\000l\000i\036\307\000u}{subsection.2.1}% 14
\BOOKMARK [2][-]{subsection.2.2}{\376\377\000T\000r\000i\036\303\000n\000\040\000k\000h\000a\000i\000\040\000c\000\341\000c\000\040\000M\000o\000d\000u\000l\000e\000\040\000c\000h\036\351\000c\000\040\000n\001\003\000n\000g}{section.2}% 15
\BOOKMARK [3][-]{subsubsection.2.2.1}{\376\377\000M\000o\000d\000u\000l\000e\000\040\000X\000\341\000c\000\040\000t\000h\036\361\000c\000\040\000v\000\340\000\040\000Q\000u\036\243\000n\000\040\000l\000\375\000\040\000p\000h\000\362\000n\000g\000\040\000x\000e\000m}{subsection.2.2}% 16
\BOOKMARK [3][-]{subsubsection.2.2.2}{\376\377\000M\000o\000d\000u\000l\000e\000\040\001\020\036\323\000n\000g\000\040\000b\036\331\000\040\000V\000i\000d\000e\000o\000\040\000v\000\340\000\040\000T\000h\000u\036\255\000t\000\040\000t\000o\000\341\000n\000\040\000B\000\371\000\040\000s\000a\000i\000\040\000l\036\307\000c\000h}{subsection.2.2}% 17
\BOOKMARK [3][-]{subsubsection.2.2.3}{\376\377\000M\000o\000d\000u\000l\000e\000\040\000T\000r\000\362\000\040\000c\000h\000u\000y\036\307\000n\000\040\000n\000h\000\363\000m\000\040\000t\000h\036\335\000i\000\040\000g\000i\000a\000n\000\040\000t\000h\036\361\000c}{subsection.2.2}% 18
\BOOKMARK [1][-]{section.3}{\376\377\000P\000H\036\246\000N\000\040\0003\000:\000\040\000C\000\301\000C\000\040\000K\036\276\000T\000\040\000Q\000U\036\242\000\040\001\020\036\240\000T\000\040\001\020\001\257\036\342\000C}{}% 19
\BOOKMARK [2][-]{subsection.3.1}{\376\377\000G\000i\036\333\000i\000\040\000t\000h\000i\036\307\000u\000\040\000s\036\243\000n\000\040\000p\000h\036\251\000m\000\040\000p\000h\036\247\000n\000\040\000m\036\301\000m\000\040\000v\000\340\000\040\000G\000i\000a\000o\000\040\000d\000i\036\307\000n}{section.3}% 20
\BOOKMARK [2][-]{subsection.3.2}{\376\377\000K\036\277\000t\000\040\000q\000u\036\243\000\040\000k\000i\036\303\000m\000\040\000t\000h\036\355\000\040\000v\000\340\000\040\000P\000h\000\342\000n\000\040\000t\000\355\000c\000h\000\040\000l\036\327\000i\000\040\000k\036\371\000\040\000t\000h\000u\036\255\000t}{section.3}% 21
\BOOKMARK [3][-]{subsubsection.3.2.1}{\376\377\000K\036\277\000t\000\040\000q\000u\036\243\000\040\000c\000\341\000c\000\040\000T\000e\000s\000t\000\040\000C\000a\000s\000e\000s\000\040\000k\000i\036\303\000m\000\040\000t\000h\036\355\000\040\000c\000h\036\351\000c\000\040\000n\001\003\000n\000g}{subsection.3.2}% 22
\BOOKMARK [3][-]{subsubsection.3.2.2}{\376\377\000P\000h\000\342\000n\000\040\000t\000\355\000c\000h\000\040\000l\036\327\000i\000\040\000k\036\371\000\040\000t\000h\000u\036\255\000t\000\040\000v\000\340\000\040\000C\000\341\000c\000h\000\040\000k\000h\036\257\000c\000\040\000p\000h\036\345\000c}{subsection.3.2}% 23
\BOOKMARK [3][-]{subsubsection.3.2.3}{\376\377\001\020\000\341\000n\000h\000\040\000g\000i\000\341\000\040\001\021\036\331\000\040\000t\000r\036\305\000\040\001\021\036\323\000n\000g\000\040\000b\036\331\000\040\000\050\000L\000a\000t\000e\000n\000c\000y\000\040\000B\000e\000n\000c\000h\000m\000a\000r\000k\000\051}{subsection.3.2}% 24
\BOOKMARK [2][-]{subsection.3.3}{\376\377\001\020\000\341\000n\000h\000\040\000g\000i\000\341\000\040\001\260\000u\000\040\000n\000h\001\260\036\343\000c\000\040\001\021\000i\036\303\000m\000\040\000\046\000\040\000B\000\340\000i\000\040\000h\036\315\000c\000\040\000k\000i\000n\000h\000\040\000n\000g\000h\000i\036\307\000m}{section.3}% 25
\BOOKMARK [1][-]{section*.10}{\376\377\000K\036\276\000T\000\040\000L\000U\036\254\000N}{}% 26
\BOOKMARK [1][-]{section*.11}{\376\377\000T\000\300\000I\000\040\000L\000I\036\306\000U\000\040\000T\000H\000A\000M\000\040\000K\000H\036\242\000O}{}% 27
\BOOKMARK [1][-]{section*.12}{\376\377\000P\000H\036\344\000\040\000L\036\344\000C}{}% 28
